*----------------------------------------------------------------------------------------
*	Innovus 15.23-s045_1 (64bit) 04/22/2016 12:32 (Linux 2.6.18-194.el5)
*	
*
* 	Date & Time:	2025-Mar-17 02:24:30 (2025-Mar-17 09:24:30 GMT)
*
*----------------------------------------------------------------------------------------
*
*	Design: core
*
*	Liberty Libraries used: 
*	        WC_VIEW: /home/linux/ieng6/ee260bwi25/public/PDKdata/lib/tcbn65gpluswc.lib
*	        WC_VIEW: ./subckt/sram_w8_WC.lib
*
*	Power Domain used: 
*		Rail:        VDD 	Voltage:        0.9 
*
*       Power View : WC_VIEW
*
*       User-Defined Activity : N.A.
*
*       Activity File: N.A.
*
*       Hierarchical Global Activity: N.A.
*
*       Global Activity: N.A.
*
*       Sequential Element Activity: 0.200000
*
*       Primary Input Activity: 0.200000
*
*       Default icg ratio: N.A.
*
*       Global Comb ClockGate Ratio: N.A.
*
*	Power Units = 1mW
*
*	Time Units = 1e-09 secs 
*
*       report_power -outfile core.post_route.power.rpt
*
-----------------------------------------------------------------------------------------


Total Power 
-----------------------------------------------------------------------------------------
Total Internal Power:       24.98371105 	   52.2008%
Total Switching Power:      21.42347108 	   44.7620%
Total Leakage Power:         1.45364157 	    3.0372%
Total Power:                47.86082379 
-----------------------------------------------------------------------------------------


Group                           Internal   Switching     Leakage       Total  Percentage 
                                Power      Power         Power         Power  (%)        
-----------------------------------------------------------------------------------------
Sequential                         8.512      0.4679       0.219       9.199       19.22 
Macro                                  0      0.1554           0      0.1554      0.3246 
IO                                     0           0     7.6e-07     7.6e-07   1.588e-06 
Combinational                      15.73       19.32       1.215       36.27       75.78 
Clock (Combinational)             0.7411       1.476     0.02008       2.237       4.674 
Clock (Sequential)                     0           0           0           0           0 
-----------------------------------------------------------------------------------------
Total                              24.98       21.42       1.454       47.86         100 
-----------------------------------------------------------------------------------------


Rail                  Voltage   Internal   Switching     Leakage       Total  Percentage 
                                Power      Power         Power         Power  (%)        
-----------------------------------------------------------------------------------------
VDD                       0.9      24.98       21.42       1.454       47.86         100 


Clock                           Internal   Switching     Leakage       Total  Percentage 
                                Power      Power         Power         Power  (%)        
-----------------------------------------------------------------------------------------
clk                               0.7411       1.476     0.02008       2.237       4.674 
-----------------------------------------------------------------------------------------
Total (excluding duplicates)      0.7411       1.476     0.02008       2.237       4.674 
-----------------------------------------------------------------------------------------


-----------------------------------------------------------------------------------------
*	Power Distribution Summary: 
* 		Highest Average Power:         psum_mem_instance (sram_w8): 	   0.09018 
* 		Highest Leakage Power:   sfp_row_instance/U13030 (ND3D8): 	 0.0003024 
* 		Total Cap: 	3.2975e-10 F
* 		Total instances in design: 45293
* 		Total instances in design with no power:     0
*          Total instances in design with no activity:     0
* 		Total Fillers and Decap:     0
-----------------------------------------------------------------------------------------

